Archive member included because of file (symbol)

c:/program files (x86)/atmel/atmel toolchain/avr8 gcc/native/3.4.1056/avr8-gnu-toolchain/bin/../lib/gcc/avr/4.8.1/../../../../avr/lib/avr5\libm.a(divsf3.o)
                              sensor/ultrasonic.o (__divsf3)
c:/program files (x86)/atmel/atmel toolchain/avr8 gcc/native/3.4.1056/avr8-gnu-toolchain/bin/../lib/gcc/avr/4.8.1/../../../../avr/lib/avr5\libm.a(divsf3x.o)
                              c:/program files (x86)/atmel/atmel toolchain/avr8 gcc/native/3.4.1056/avr8-gnu-toolchain/bin/../lib/gcc/avr/4.8.1/../../../../avr/lib/avr5\libm.a(divsf3.o) (__divsf3x)
c:/program files (x86)/atmel/atmel toolchain/avr8 gcc/native/3.4.1056/avr8-gnu-toolchain/bin/../lib/gcc/avr/4.8.1/../../../../avr/lib/avr5\libm.a(floatsisf.o)
                              sensor/ultrasonic.o (__floatsisf)
c:/program files (x86)/atmel/atmel toolchain/avr8 gcc/native/3.4.1056/avr8-gnu-toolchain/bin/../lib/gcc/avr/4.8.1/../../../../avr/lib/avr5\libm.a(fp_inf.o)
                              c:/program files (x86)/atmel/atmel toolchain/avr8 gcc/native/3.4.1056/avr8-gnu-toolchain/bin/../lib/gcc/avr/4.8.1/../../../../avr/lib/avr5\libm.a(divsf3x.o) (__fp_inf)
c:/program files (x86)/atmel/atmel toolchain/avr8 gcc/native/3.4.1056/avr8-gnu-toolchain/bin/../lib/gcc/avr/4.8.1/../../../../avr/lib/avr5\libm.a(fp_nan.o)
                              c:/program files (x86)/atmel/atmel toolchain/avr8 gcc/native/3.4.1056/avr8-gnu-toolchain/bin/../lib/gcc/avr/4.8.1/../../../../avr/lib/avr5\libm.a(divsf3x.o) (__fp_nan)
c:/program files (x86)/atmel/atmel toolchain/avr8 gcc/native/3.4.1056/avr8-gnu-toolchain/bin/../lib/gcc/avr/4.8.1/../../../../avr/lib/avr5\libm.a(fp_pscA.o)
                              c:/program files (x86)/atmel/atmel toolchain/avr8 gcc/native/3.4.1056/avr8-gnu-toolchain/bin/../lib/gcc/avr/4.8.1/../../../../avr/lib/avr5\libm.a(divsf3x.o) (__fp_pscA)
c:/program files (x86)/atmel/atmel toolchain/avr8 gcc/native/3.4.1056/avr8-gnu-toolchain/bin/../lib/gcc/avr/4.8.1/../../../../avr/lib/avr5\libm.a(fp_pscB.o)
                              c:/program files (x86)/atmel/atmel toolchain/avr8 gcc/native/3.4.1056/avr8-gnu-toolchain/bin/../lib/gcc/avr/4.8.1/../../../../avr/lib/avr5\libm.a(divsf3x.o) (__fp_pscB)
c:/program files (x86)/atmel/atmel toolchain/avr8 gcc/native/3.4.1056/avr8-gnu-toolchain/bin/../lib/gcc/avr/4.8.1/../../../../avr/lib/avr5\libm.a(fp_round.o)
                              c:/program files (x86)/atmel/atmel toolchain/avr8 gcc/native/3.4.1056/avr8-gnu-toolchain/bin/../lib/gcc/avr/4.8.1/../../../../avr/lib/avr5\libm.a(divsf3.o) (__fp_round)
c:/program files (x86)/atmel/atmel toolchain/avr8 gcc/native/3.4.1056/avr8-gnu-toolchain/bin/../lib/gcc/avr/4.8.1/../../../../avr/lib/avr5\libm.a(fp_split3.o)
                              c:/program files (x86)/atmel/atmel toolchain/avr8 gcc/native/3.4.1056/avr8-gnu-toolchain/bin/../lib/gcc/avr/4.8.1/../../../../avr/lib/avr5\libm.a(divsf3x.o) (__fp_split3)
c:/program files (x86)/atmel/atmel toolchain/avr8 gcc/native/3.4.1056/avr8-gnu-toolchain/bin/../lib/gcc/avr/4.8.1/../../../../avr/lib/avr5\libm.a(fp_zero.o)
                              c:/program files (x86)/atmel/atmel toolchain/avr8 gcc/native/3.4.1056/avr8-gnu-toolchain/bin/../lib/gcc/avr/4.8.1/../../../../avr/lib/avr5\libm.a(divsf3x.o) (__fp_szero)
c:/program files (x86)/atmel/atmel toolchain/avr8 gcc/native/3.4.1056/avr8-gnu-toolchain/bin/../lib/gcc/avr/4.8.1/avr5\libgcc.a(_exit.o)
                              c:/program files (x86)/atmel/atmel toolchain/avr8 gcc/native/3.4.1056/avr8-gnu-toolchain/bin/../lib/gcc/avr/4.8.1/../../../../avr/lib/avr5/crtm32.o (exit)
c:/program files (x86)/atmel/atmel toolchain/avr8 gcc/native/3.4.1056/avr8-gnu-toolchain/bin/../lib/gcc/avr/4.8.1/avr5\libgcc.a(_copy_data.o)
                              LCDInterfacing.o (__do_copy_data)
c:/program files (x86)/atmel/atmel toolchain/avr8 gcc/native/3.4.1056/avr8-gnu-toolchain/bin/../lib/gcc/avr/4.8.1/avr5\libgcc.a(_clear_bss.o)
                              LCDInterfacing.o (__do_clear_bss)
c:/program files (x86)/atmel/atmel toolchain/avr8 gcc/native/3.4.1056/avr8-gnu-toolchain/bin/../lib/gcc/avr/4.8.1/avr5\libgcc.a(_usmulhisi3.o)
                              sensor/ultrasonic.o (__usmulhisi3)
c:/program files (x86)/atmel/atmel toolchain/avr8 gcc/native/3.4.1056/avr8-gnu-toolchain/bin/../lib/gcc/avr/4.8.1/avr5\libgcc.a(_umulhisi3.o)
                              c:/program files (x86)/atmel/atmel toolchain/avr8 gcc/native/3.4.1056/avr8-gnu-toolchain/bin/../lib/gcc/avr/4.8.1/avr5\libgcc.a(_usmulhisi3.o) (__umulhisi3)
c:/program files (x86)/atmel/atmel toolchain/avr8 gcc/native/3.4.1056/avr8-gnu-toolchain/bin/../lib/gcc/avr/4.8.1/../../../../avr/lib/avr5\libc.a(dtostrf.o)
                              sensor/ultrasonic.o (dtostrf)
c:/program files (x86)/atmel/atmel toolchain/avr8 gcc/native/3.4.1056/avr8-gnu-toolchain/bin/../lib/gcc/avr/4.8.1/../../../../avr/lib/avr5\libc.a(memcpy.o)
                              LCDInterfacing.o (memcpy)
c:/program files (x86)/atmel/atmel toolchain/avr8 gcc/native/3.4.1056/avr8-gnu-toolchain/bin/../lib/gcc/avr/4.8.1/../../../../avr/lib/avr5\libc.a(memset.o)
                              LCDInterfacing.o (memset)
c:/program files (x86)/atmel/atmel toolchain/avr8 gcc/native/3.4.1056/avr8-gnu-toolchain/bin/../lib/gcc/avr/4.8.1/../../../../avr/lib/avr5\libc.a(strncmp.o)
                              LCDInterfacing.o (strncmp)
c:/program files (x86)/atmel/atmel toolchain/avr8 gcc/native/3.4.1056/avr8-gnu-toolchain/bin/../lib/gcc/avr/4.8.1/../../../../avr/lib/avr5\libc.a(strncpy.o)
                              LCDInterfacing.o (strncpy)
c:/program files (x86)/atmel/atmel toolchain/avr8 gcc/native/3.4.1056/avr8-gnu-toolchain/bin/../lib/gcc/avr/4.8.1/../../../../avr/lib/avr5\libc.a(strstr.o)
                              LCDInterfacing.o (strstr)
c:/program files (x86)/atmel/atmel toolchain/avr8 gcc/native/3.4.1056/avr8-gnu-toolchain/bin/../lib/gcc/avr/4.8.1/../../../../avr/lib/avr5\libc.a(sprintf.o)
                              LCDInterfacing.o (sprintf)
c:/program files (x86)/atmel/atmel toolchain/avr8 gcc/native/3.4.1056/avr8-gnu-toolchain/bin/../lib/gcc/avr/4.8.1/../../../../avr/lib/avr5\libc.a(vfprintf_std.o)
                              c:/program files (x86)/atmel/atmel toolchain/avr8 gcc/native/3.4.1056/avr8-gnu-toolchain/bin/../lib/gcc/avr/4.8.1/../../../../avr/lib/avr5\libc.a(sprintf.o) (vfprintf)
c:/program files (x86)/atmel/atmel toolchain/avr8 gcc/native/3.4.1056/avr8-gnu-toolchain/bin/../lib/gcc/avr/4.8.1/../../../../avr/lib/avr5\libc.a(dtoa_prf.o)
                              c:/program files (x86)/atmel/atmel toolchain/avr8 gcc/native/3.4.1056/avr8-gnu-toolchain/bin/../lib/gcc/avr/4.8.1/../../../../avr/lib/avr5\libc.a(dtostrf.o) (dtoa_prf)
c:/program files (x86)/atmel/atmel toolchain/avr8 gcc/native/3.4.1056/avr8-gnu-toolchain/bin/../lib/gcc/avr/4.8.1/../../../../avr/lib/avr5\libc.a(ftoa_engine.o)
                              c:/program files (x86)/atmel/atmel toolchain/avr8 gcc/native/3.4.1056/avr8-gnu-toolchain/bin/../lib/gcc/avr/4.8.1/../../../../avr/lib/avr5\libc.a(dtoa_prf.o) (__ftoa_engine)
c:/program files (x86)/atmel/atmel toolchain/avr8 gcc/native/3.4.1056/avr8-gnu-toolchain/bin/../lib/gcc/avr/4.8.1/../../../../avr/lib/avr5\libc.a(strnlen_P.o)
                              c:/program files (x86)/atmel/atmel toolchain/avr8 gcc/native/3.4.1056/avr8-gnu-toolchain/bin/../lib/gcc/avr/4.8.1/../../../../avr/lib/avr5\libc.a(vfprintf_std.o) (strnlen_P)
c:/program files (x86)/atmel/atmel toolchain/avr8 gcc/native/3.4.1056/avr8-gnu-toolchain/bin/../lib/gcc/avr/4.8.1/../../../../avr/lib/avr5\libc.a(strnlen.o)
                              c:/program files (x86)/atmel/atmel toolchain/avr8 gcc/native/3.4.1056/avr8-gnu-toolchain/bin/../lib/gcc/avr/4.8.1/../../../../avr/lib/avr5\libc.a(vfprintf_std.o) (strnlen)
c:/program files (x86)/atmel/atmel toolchain/avr8 gcc/native/3.4.1056/avr8-gnu-toolchain/bin/../lib/gcc/avr/4.8.1/../../../../avr/lib/avr5\libc.a(fputc.o)
                              c:/program files (x86)/atmel/atmel toolchain/avr8 gcc/native/3.4.1056/avr8-gnu-toolchain/bin/../lib/gcc/avr/4.8.1/../../../../avr/lib/avr5\libc.a(vfprintf_std.o) (fputc)
c:/program files (x86)/atmel/atmel toolchain/avr8 gcc/native/3.4.1056/avr8-gnu-toolchain/bin/../lib/gcc/avr/4.8.1/../../../../avr/lib/avr5\libc.a(ultoa_invert.o)
                              c:/program files (x86)/atmel/atmel toolchain/avr8 gcc/native/3.4.1056/avr8-gnu-toolchain/bin/../lib/gcc/avr/4.8.1/../../../../avr/lib/avr5\libc.a(vfprintf_std.o) (__ultoa_invert)
c:/program files (x86)/atmel/atmel toolchain/avr8 gcc/native/3.4.1056/avr8-gnu-toolchain/bin/../lib/gcc/avr/4.8.1/avr5\libgcc.a(_prologue.o)
                              c:/program files (x86)/atmel/atmel toolchain/avr8 gcc/native/3.4.1056/avr8-gnu-toolchain/bin/../lib/gcc/avr/4.8.1/../../../../avr/lib/avr5\libc.a(sprintf.o) (__prologue_saves__)
c:/program files (x86)/atmel/atmel toolchain/avr8 gcc/native/3.4.1056/avr8-gnu-toolchain/bin/../lib/gcc/avr/4.8.1/avr5\libgcc.a(_epilogue.o)
                              c:/program files (x86)/atmel/atmel toolchain/avr8 gcc/native/3.4.1056/avr8-gnu-toolchain/bin/../lib/gcc/avr/4.8.1/../../../../avr/lib/avr5\libc.a(sprintf.o) (__epilogue_restores__)

Allocating common symbols
Common symbol       size              file

RESPONSE_BUFFER     0xc8              LCDInterfacing.o
My_Buffer           0x14              LCDInterfacing.o
Response_Status     0x1               LCDInterfacing.o

Discarded input sections

 .bss           0x00000000        0x0 c:/program files (x86)/atmel/atmel toolchain/avr8 gcc/native/3.4.1056/avr8-gnu-toolchain/bin/../lib/gcc/avr/4.8.1/../../../../avr/lib/avr5/crtm32.o
 .text          0x00000000        0x0 LCDInterfacing.o
 .bss           0x00000000        0x0 LCDInterfacing.o
 .text.GetResponseBody
                0x00000000       0xbc LCDInterfacing.o
 .text.TCPClient_ApplicationMode
                0x00000000       0x64 LCDInterfacing.o
 .text.TCPClient_ConnectionMode
                0x00000000       0x64 LCDInterfacing.o
 .text.AttachGPRS
                0x00000000       0x12 LCDInterfacing.o
 .text.TCPClient_Shut
                0x00000000       0x12 LCDInterfacing.o
 .text.TCPClient_Close
                0x00000000       0x12 LCDInterfacing.o
 .text.TCPClient_Connect
                0x00000000       0xc0 LCDInterfacing.o
 .text.TCPClient_connected
                0x00000000       0x18 LCDInterfacing.o
 .text.TCPClient_Start
                0x00000000       0xcc LCDInterfacing.o
 .text.TCPClient_Send
                0x00000000       0x6e LCDInterfacing.o
 .text.TCPClient_DataAvailable
                0x00000000       0x16 LCDInterfacing.o
 .text.TCPClient_DataRead
                0x00000000       0x3e LCDInterfacing.o
 .bss.Count     0x00000000        0x2 LCDInterfacing.o
 .text          0x00000000        0x0 lcd/lcdlib.o
 .bss           0x00000000        0x0 lcd/lcdlib.o
 .text.LCD_String_xy
                0x00000000       0x38 lcd/lcdlib.o
 .text          0x00000000        0x0 sensor/ultrasonic.o
 .bss           0x00000000        0x0 sensor/ultrasonic.o
 .text.SensorInit
                0x00000000        0xc sensor/ultrasonic.o
 .text.sensorTrigger
                0x00000000       0x1e sensor/ultrasonic.o
 .text.calculateRisingEdge
                0x00000000       0x20 sensor/ultrasonic.o
 .text.calculateFallingEdge
                0x00000000       0x90 sensor/ultrasonic.o
 .text          0x00000000        0x0 uart/USART_RS232_C_file.o
 .bss           0x00000000        0x0 uart/USART_RS232_C_file.o
 .text.USART_RxChar
                0x00000000        0x8 uart/USART_RS232_C_file.o
 .text          0x00000000        0x0 c:/program files (x86)/atmel/atmel toolchain/avr8 gcc/native/3.4.1056/avr8-gnu-toolchain/bin/../lib/gcc/avr/4.8.1/../../../../avr/lib/avr5\libm.a(divsf3.o)
 .bss           0x00000000        0x0 c:/program files (x86)/atmel/atmel toolchain/avr8 gcc/native/3.4.1056/avr8-gnu-toolchain/bin/../lib/gcc/avr/4.8.1/../../../../avr/lib/avr5\libm.a(divsf3.o)
 .text.avr-libc.fplib
                0x00000000        0x4 c:/program files (x86)/atmel/atmel toolchain/avr8 gcc/native/3.4.1056/avr8-gnu-toolchain/bin/../lib/gcc/avr/4.8.1/../../../../avr/lib/avr5\libm.a(divsf3.o)
 .text          0x00000000        0x0 c:/program files (x86)/atmel/atmel toolchain/avr8 gcc/native/3.4.1056/avr8-gnu-toolchain/bin/../lib/gcc/avr/4.8.1/../../../../avr/lib/avr5\libm.a(divsf3x.o)
 .bss           0x00000000        0x0 c:/program files (x86)/atmel/atmel toolchain/avr8 gcc/native/3.4.1056/avr8-gnu-toolchain/bin/../lib/gcc/avr/4.8.1/../../../../avr/lib/avr5\libm.a(divsf3x.o)
 .text.avr-libc.fplib
                0x00000000       0xcc c:/program files (x86)/atmel/atmel toolchain/avr8 gcc/native/3.4.1056/avr8-gnu-toolchain/bin/../lib/gcc/avr/4.8.1/../../../../avr/lib/avr5\libm.a(divsf3x.o)
 .text          0x00000000        0x0 c:/program files (x86)/atmel/atmel toolchain/avr8 gcc/native/3.4.1056/avr8-gnu-toolchain/bin/../lib/gcc/avr/4.8.1/../../../../avr/lib/avr5\libm.a(floatsisf.o)
 .bss           0x00000000        0x0 c:/program files (x86)/atmel/atmel toolchain/avr8 gcc/native/3.4.1056/avr8-gnu-toolchain/bin/../lib/gcc/avr/4.8.1/../../../../avr/lib/avr5\libm.a(floatsisf.o)
 .text.avr-libc.fplib
                0x00000000       0x7a c:/program files (x86)/atmel/atmel toolchain/avr8 gcc/native/3.4.1056/avr8-gnu-toolchain/bin/../lib/gcc/avr/4.8.1/../../../../avr/lib/avr5\libm.a(floatsisf.o)
 .text          0x00000000        0x0 c:/program files (x86)/atmel/atmel toolchain/avr8 gcc/native/3.4.1056/avr8-gnu-toolchain/bin/../lib/gcc/avr/4.8.1/../../../../avr/lib/avr5\libm.a(fp_inf.o)
 .bss           0x00000000        0x0 c:/program files (x86)/atmel/atmel toolchain/avr8 gcc/native/3.4.1056/avr8-gnu-toolchain/bin/../lib/gcc/avr/4.8.1/../../../../avr/lib/avr5\libm.a(fp_inf.o)
 .text.avr-libc.fplib
                0x00000000        0xc c:/program files (x86)/atmel/atmel toolchain/avr8 gcc/native/3.4.1056/avr8-gnu-toolchain/bin/../lib/gcc/avr/4.8.1/../../../../avr/lib/avr5\libm.a(fp_inf.o)
 .text          0x00000000        0x0 c:/program files (x86)/atmel/atmel toolchain/avr8 gcc/native/3.4.1056/avr8-gnu-toolchain/bin/../lib/gcc/avr/4.8.1/../../../../avr/lib/avr5\libm.a(fp_nan.o)
 .bss           0x00000000        0x0 c:/program files (x86)/atmel/atmel toolchain/avr8 gcc/native/3.4.1056/avr8-gnu-toolchain/bin/../lib/gcc/avr/4.8.1/../../../../avr/lib/avr5\libm.a(fp_nan.o)
 .text.avr-libc.fplib
                0x00000000        0x6 c:/program files (x86)/atmel/atmel toolchain/avr8 gcc/native/3.4.1056/avr8-gnu-toolchain/bin/../lib/gcc/avr/4.8.1/../../../../avr/lib/avr5\libm.a(fp_nan.o)
 .text          0x00000000        0x0 c:/program files (x86)/atmel/atmel toolchain/avr8 gcc/native/3.4.1056/avr8-gnu-toolchain/bin/../lib/gcc/avr/4.8.1/../../../../avr/lib/avr5\libm.a(fp_pscA.o)
 .bss           0x00000000        0x0 c:/program files (x86)/atmel/atmel toolchain/avr8 gcc/native/3.4.1056/avr8-gnu-toolchain/bin/../lib/gcc/avr/4.8.1/../../../../avr/lib/avr5\libm.a(fp_pscA.o)
 .text.avr-libc.fplib
                0x00000000        0xe c:/program files (x86)/atmel/atmel toolchain/avr8 gcc/native/3.4.1056/avr8-gnu-toolchain/bin/../lib/gcc/avr/4.8.1/../../../../avr/lib/avr5\libm.a(fp_pscA.o)
 .text          0x00000000        0x0 c:/program files (x86)/atmel/atmel toolchain/avr8 gcc/native/3.4.1056/avr8-gnu-toolchain/bin/../lib/gcc/avr/4.8.1/../../../../avr/lib/avr5\libm.a(fp_pscB.o)
 .bss           0x00000000        0x0 c:/program files (x86)/atmel/atmel toolchain/avr8 gcc/native/3.4.1056/avr8-gnu-toolchain/bin/../lib/gcc/avr/4.8.1/../../../../avr/lib/avr5\libm.a(fp_pscB.o)
 .text.avr-libc.fplib
                0x00000000        0xe c:/program files (x86)/atmel/atmel toolchain/avr8 gcc/native/3.4.1056/avr8-gnu-toolchain/bin/../lib/gcc/avr/4.8.1/../../../../avr/lib/avr5\libm.a(fp_pscB.o)
 .text          0x00000000        0x0 c:/program files (x86)/atmel/atmel toolchain/avr8 gcc/native/3.4.1056/avr8-gnu-toolchain/bin/../lib/gcc/avr/4.8.1/../../../../avr/lib/avr5\libm.a(fp_round.o)
 .bss           0x00000000        0x0 c:/program files (x86)/atmel/atmel toolchain/avr8 gcc/native/3.4.1056/avr8-gnu-toolchain/bin/../lib/gcc/avr/4.8.1/../../../../avr/lib/avr5\libm.a(fp_round.o)
 .text.avr-libc.fplib
                0x00000000       0x22 c:/program files (x86)/atmel/atmel toolchain/avr8 gcc/native/3.4.1056/avr8-gnu-toolchain/bin/../lib/gcc/avr/4.8.1/../../../../avr/lib/avr5\libm.a(fp_round.o)
 .text          0x00000000        0x0 c:/program files (x86)/atmel/atmel toolchain/avr8 gcc/native/3.4.1056/avr8-gnu-toolchain/bin/../lib/gcc/avr/4.8.1/../../../../avr/lib/avr5\libm.a(fp_split3.o)
 .bss           0x00000000        0x0 c:/program files (x86)/atmel/atmel toolchain/avr8 gcc/native/3.4.1056/avr8-gnu-toolchain/bin/../lib/gcc/avr/4.8.1/../../../../avr/lib/avr5\libm.a(fp_split3.o)
 .text.avr-libc.fplib
                0x00000000       0x44 c:/program files (x86)/atmel/atmel toolchain/avr8 gcc/native/3.4.1056/avr8-gnu-toolchain/bin/../lib/gcc/avr/4.8.1/../../../../avr/lib/avr5\libm.a(fp_split3.o)
 .text          0x00000000        0x0 c:/program files (x86)/atmel/atmel toolchain/avr8 gcc/native/3.4.1056/avr8-gnu-toolchain/bin/../lib/gcc/avr/4.8.1/../../../../avr/lib/avr5\libm.a(fp_zero.o)
 .bss           0x00000000        0x0 c:/program files (x86)/atmel/atmel toolchain/avr8 gcc/native/3.4.1056/avr8-gnu-toolchain/bin/../lib/gcc/avr/4.8.1/../../../../avr/lib/avr5\libm.a(fp_zero.o)
 .text.avr-libc.fplib
                0x00000000        0xe c:/program files (x86)/atmel/atmel toolchain/avr8 gcc/native/3.4.1056/avr8-gnu-toolchain/bin/../lib/gcc/avr/4.8.1/../../../../avr/lib/avr5\libm.a(fp_zero.o)
 .text          0x00000000        0x0 c:/program files (x86)/atmel/atmel toolchain/avr8 gcc/native/3.4.1056/avr8-gnu-toolchain/bin/../lib/gcc/avr/4.8.1/avr5\libgcc.a(_exit.o)
 .bss           0x00000000        0x0 c:/program files (x86)/atmel/atmel toolchain/avr8 gcc/native/3.4.1056/avr8-gnu-toolchain/bin/../lib/gcc/avr/4.8.1/avr5\libgcc.a(_exit.o)
 .text.libgcc.mul
                0x00000000        0x0 c:/program files (x86)/atmel/atmel toolchain/avr8 gcc/native/3.4.1056/avr8-gnu-toolchain/bin/../lib/gcc/avr/4.8.1/avr5\libgcc.a(_exit.o)
 .text.libgcc.div
                0x00000000        0x0 c:/program files (x86)/atmel/atmel toolchain/avr8 gcc/native/3.4.1056/avr8-gnu-toolchain/bin/../lib/gcc/avr/4.8.1/avr5\libgcc.a(_exit.o)
 .text.libgcc   0x00000000        0x0 c:/program files (x86)/atmel/atmel toolchain/avr8 gcc/native/3.4.1056/avr8-gnu-toolchain/bin/../lib/gcc/avr/4.8.1/avr5\libgcc.a(_exit.o)
 .text.libgcc.prologue
                0x00000000        0x0 c:/program files (x86)/atmel/atmel toolchain/avr8 gcc/native/3.4.1056/avr8-gnu-toolchain/bin/../lib/gcc/avr/4.8.1/avr5\libgcc.a(_exit.o)
 .text.libgcc.builtins
                0x00000000        0x0 c:/program files (x86)/atmel/atmel toolchain/avr8 gcc/native/3.4.1056/avr8-gnu-toolchain/bin/../lib/gcc/avr/4.8.1/avr5\libgcc.a(_exit.o)
 .text.libgcc.fmul
                0x00000000        0x0 c:/program files (x86)/atmel/atmel toolchain/avr8 gcc/native/3.4.1056/avr8-gnu-toolchain/bin/../lib/gcc/avr/4.8.1/avr5\libgcc.a(_exit.o)
 .text.libgcc.fixed
                0x00000000        0x0 c:/program files (x86)/atmel/atmel toolchain/avr8 gcc/native/3.4.1056/avr8-gnu-toolchain/bin/../lib/gcc/avr/4.8.1/avr5\libgcc.a(_exit.o)
 .text          0x00000000        0x0 c:/program files (x86)/atmel/atmel toolchain/avr8 gcc/native/3.4.1056/avr8-gnu-toolchain/bin/../lib/gcc/avr/4.8.1/avr5\libgcc.a(_copy_data.o)
 .bss           0x00000000        0x0 c:/program files (x86)/atmel/atmel toolchain/avr8 gcc/native/3.4.1056/avr8-gnu-toolchain/bin/../lib/gcc/avr/4.8.1/avr5\libgcc.a(_copy_data.o)
 .text.libgcc.mul
                0x00000000        0x0 c:/program files (x86)/atmel/atmel toolchain/avr8 gcc/native/3.4.1056/avr8-gnu-toolchain/bin/../lib/gcc/avr/4.8.1/avr5\libgcc.a(_copy_data.o)
 .text.libgcc.div
                0x00000000        0x0 c:/program files (x86)/atmel/atmel toolchain/avr8 gcc/native/3.4.1056/avr8-gnu-toolchain/bin/../lib/gcc/avr/4.8.1/avr5\libgcc.a(_copy_data.o)
 .text.libgcc   0x00000000        0x0 c:/program files (x86)/atmel/atmel toolchain/avr8 gcc/native/3.4.1056/avr8-gnu-toolchain/bin/../lib/gcc/avr/4.8.1/avr5\libgcc.a(_copy_data.o)
 .text.libgcc.prologue
                0x00000000        0x0 c:/program files (x86)/atmel/atmel toolchain/avr8 gcc/native/3.4.1056/avr8-gnu-toolchain/bin/../lib/gcc/avr/4.8.1/avr5\libgcc.a(_copy_data.o)
 .text.libgcc.builtins
                0x00000000        0x0 c:/program files (x86)/atmel/atmel toolchain/avr8 gcc/native/3.4.1056/avr8-gnu-toolchain/bin/../lib/gcc/avr/4.8.1/avr5\libgcc.a(_copy_data.o)
 .text.libgcc.fmul
                0x00000000        0x0 c:/program files (x86)/atmel/atmel toolchain/avr8 gcc/native/3.4.1056/avr8-gnu-toolchain/bin/../lib/gcc/avr/4.8.1/avr5\libgcc.a(_copy_data.o)
 .text.libgcc.fixed
                0x00000000        0x0 c:/program files (x86)/atmel/atmel toolchain/avr8 gcc/native/3.4.1056/avr8-gnu-toolchain/bin/../lib/gcc/avr/4.8.1/avr5\libgcc.a(_copy_data.o)
 .text          0x00000000        0x0 c:/program files (x86)/atmel/atmel toolchain/avr8 gcc/native/3.4.1056/avr8-gnu-toolchain/bin/../lib/gcc/avr/4.8.1/avr5\libgcc.a(_clear_bss.o)
 .bss           0x00000000        0x0 c:/program files (x86)/atmel/atmel toolchain/avr8 gcc/native/3.4.1056/avr8-gnu-toolchain/bin/../lib/gcc/avr/4.8.1/avr5\libgcc.a(_clear_bss.o)
 .text.libgcc.mul
                0x00000000        0x0 c:/program files (x86)/atmel/atmel toolchain/avr8 gcc/native/3.4.1056/avr8-gnu-toolchain/bin/../lib/gcc/avr/4.8.1/avr5\libgcc.a(_clear_bss.o)
 .text.libgcc.div
                0x00000000        0x0 c:/program files (x86)/atmel/atmel toolchain/avr8 gcc/native/3.4.1056/avr8-gnu-toolchain/bin/../lib/gcc/avr/4.8.1/avr5\libgcc.a(_clear_bss.o)
 .text.libgcc   0x00000000        0x0 c:/program files (x86)/atmel/atmel toolchain/avr8 gcc/native/3.4.1056/avr8-gnu-toolchain/bin/../lib/gcc/avr/4.8.1/avr5\libgcc.a(_clear_bss.o)
 .text.libgcc.prologue
                0x00000000        0x0 c:/program files (x86)/atmel/atmel toolchain/avr8 gcc/native/3.4.1056/avr8-gnu-toolchain/bin/../lib/gcc/avr/4.8.1/avr5\libgcc.a(_clear_bss.o)
 .text.libgcc.builtins
                0x00000000        0x0 c:/program files (x86)/atmel/atmel toolchain/avr8 gcc/native/3.4.1056/avr8-gnu-toolchain/bin/../lib/gcc/avr/4.8.1/avr5\libgcc.a(_clear_bss.o)
 .text.libgcc.fmul
                0x00000000        0x0 c:/program files (x86)/atmel/atmel toolchain/avr8 gcc/native/3.4.1056/avr8-gnu-toolchain/bin/../lib/gcc/avr/4.8.1/avr5\libgcc.a(_clear_bss.o)
 .text.libgcc.fixed
                0x00000000        0x0 c:/program files (x86)/atmel/atmel toolchain/avr8 gcc/native/3.4.1056/avr8-gnu-toolchain/bin/../lib/gcc/avr/4.8.1/avr5\libgcc.a(_clear_bss.o)
 .text          0x00000000        0x0 c:/program files (x86)/atmel/atmel toolchain/avr8 gcc/native/3.4.1056/avr8-gnu-toolchain/bin/../lib/gcc/avr/4.8.1/avr5\libgcc.a(_usmulhisi3.o)
 .bss           0x00000000        0x0 c:/program files (x86)/atmel/atmel toolchain/avr8 gcc/native/3.4.1056/avr8-gnu-toolchain/bin/../lib/gcc/avr/4.8.1/avr5\libgcc.a(_usmulhisi3.o)
 .text.libgcc.mul
                0x00000000        0xe c:/program files (x86)/atmel/atmel toolchain/avr8 gcc/native/3.4.1056/avr8-gnu-toolchain/bin/../lib/gcc/avr/4.8.1/avr5\libgcc.a(_usmulhisi3.o)
 .text.libgcc.div
                0x00000000        0x0 c:/program files (x86)/atmel/atmel toolchain/avr8 gcc/native/3.4.1056/avr8-gnu-toolchain/bin/../lib/gcc/avr/4.8.1/avr5\libgcc.a(_usmulhisi3.o)
 .text.libgcc   0x00000000        0x0 c:/program files (x86)/atmel/atmel toolchain/avr8 gcc/native/3.4.1056/avr8-gnu-toolchain/bin/../lib/gcc/avr/4.8.1/avr5\libgcc.a(_usmulhisi3.o)
 .text.libgcc.prologue
                0x00000000        0x0 c:/program files (x86)/atmel/atmel toolchain/avr8 gcc/native/3.4.1056/avr8-gnu-toolchain/bin/../lib/gcc/avr/4.8.1/avr5\libgcc.a(_usmulhisi3.o)
 .text.libgcc.builtins
                0x00000000        0x0 c:/program files (x86)/atmel/atmel toolchain/avr8 gcc/native/3.4.1056/avr8-gnu-toolchain/bin/../lib/gcc/avr/4.8.1/avr5\libgcc.a(_usmulhisi3.o)
 .text.libgcc.fmul
                0x00000000        0x0 c:/program files (x86)/atmel/atmel toolchain/avr8 gcc/native/3.4.1056/avr8-gnu-toolchain/bin/../lib/gcc/avr/4.8.1/avr5\libgcc.a(_usmulhisi3.o)
 .text.libgcc.fixed
                0x00000000        0x0 c:/program files (x86)/atmel/atmel toolchain/avr8 gcc/native/3.4.1056/avr8-gnu-toolchain/bin/../lib/gcc/avr/4.8.1/avr5\libgcc.a(_usmulhisi3.o)
 .text          0x00000000        0x0 c:/program files (x86)/atmel/atmel toolchain/avr8 gcc/native/3.4.1056/avr8-gnu-toolchain/bin/../lib/gcc/avr/4.8.1/avr5\libgcc.a(_umulhisi3.o)
 .bss           0x00000000        0x0 c:/program files (x86)/atmel/atmel toolchain/avr8 gcc/native/3.4.1056/avr8-gnu-toolchain/bin/../lib/gcc/avr/4.8.1/avr5\libgcc.a(_umulhisi3.o)
 .text.libgcc.mul
                0x00000000       0x1e c:/program files (x86)/atmel/atmel toolchain/avr8 gcc/native/3.4.1056/avr8-gnu-toolchain/bin/../lib/gcc/avr/4.8.1/avr5\libgcc.a(_umulhisi3.o)
 .text.libgcc.div
                0x00000000        0x0 c:/program files (x86)/atmel/atmel toolchain/avr8 gcc/native/3.4.1056/avr8-gnu-toolchain/bin/../lib/gcc/avr/4.8.1/avr5\libgcc.a(_umulhisi3.o)
 .text.libgcc   0x00000000        0x0 c:/program files (x86)/atmel/atmel toolchain/avr8 gcc/native/3.4.1056/avr8-gnu-toolchain/bin/../lib/gcc/avr/4.8.1/avr5\libgcc.a(_umulhisi3.o)
 .text.libgcc.prologue
                0x00000000        0x0 c:/program files (x86)/atmel/atmel toolchain/avr8 gcc/native/3.4.1056/avr8-gnu-toolchain/bin/../lib/gcc/avr/4.8.1/avr5\libgcc.a(_umulhisi3.o)
 .text.libgcc.builtins
                0x00000000        0x0 c:/program files (x86)/atmel/atmel toolchain/avr8 gcc/native/3.4.1056/avr8-gnu-toolchain/bin/../lib/gcc/avr/4.8.1/avr5\libgcc.a(_umulhisi3.o)
 .text.libgcc.fmul
                0x00000000        0x0 c:/program files (x86)/atmel/atmel toolchain/avr8 gcc/native/3.4.1056/avr8-gnu-toolchain/bin/../lib/gcc/avr/4.8.1/avr5\libgcc.a(_umulhisi3.o)
 .text.libgcc.fixed
                0x00000000        0x0 c:/program files (x86)/atmel/atmel toolchain/avr8 gcc/native/3.4.1056/avr8-gnu-toolchain/bin/../lib/gcc/avr/4.8.1/avr5\libgcc.a(_umulhisi3.o)
 .text          0x00000000        0x0 c:/program files (x86)/atmel/atmel toolchain/avr8 gcc/native/3.4.1056/avr8-gnu-toolchain/bin/../lib/gcc/avr/4.8.1/../../../../avr/lib/avr5\libc.a(dtostrf.o)
 .bss           0x00000000        0x0 c:/program files (x86)/atmel/atmel toolchain/avr8 gcc/native/3.4.1056/avr8-gnu-toolchain/bin/../lib/gcc/avr/4.8.1/../../../../avr/lib/avr5\libc.a(dtostrf.o)
 .text.avr-libc
                0x00000000       0x42 c:/program files (x86)/atmel/atmel toolchain/avr8 gcc/native/3.4.1056/avr8-gnu-toolchain/bin/../lib/gcc/avr/4.8.1/../../../../avr/lib/avr5\libc.a(dtostrf.o)
 .text          0x00000000        0x0 c:/program files (x86)/atmel/atmel toolchain/avr8 gcc/native/3.4.1056/avr8-gnu-toolchain/bin/../lib/gcc/avr/4.8.1/../../../../avr/lib/avr5\libc.a(memcpy.o)
 .bss           0x00000000        0x0 c:/program files (x86)/atmel/atmel toolchain/avr8 gcc/native/3.4.1056/avr8-gnu-toolchain/bin/../lib/gcc/avr/4.8.1/../../../../avr/lib/avr5\libc.a(memcpy.o)
 .text.avr-libc
                0x00000000       0x12 c:/program files (x86)/atmel/atmel toolchain/avr8 gcc/native/3.4.1056/avr8-gnu-toolchain/bin/../lib/gcc/avr/4.8.1/../../../../avr/lib/avr5\libc.a(memcpy.o)
 .text          0x00000000        0x0 c:/program files (x86)/atmel/atmel toolchain/avr8 gcc/native/3.4.1056/avr8-gnu-toolchain/bin/../lib/gcc/avr/4.8.1/../../../../avr/lib/avr5\libc.a(memset.o)
 .bss           0x00000000        0x0 c:/program files (x86)/atmel/atmel toolchain/avr8 gcc/native/3.4.1056/avr8-gnu-toolchain/bin/../lib/gcc/avr/4.8.1/../../../../avr/lib/avr5\libc.a(memset.o)
 .text.avr-libc
                0x00000000        0xe c:/program files (x86)/atmel/atmel toolchain/avr8 gcc/native/3.4.1056/avr8-gnu-toolchain/bin/../lib/gcc/avr/4.8.1/../../../../avr/lib/avr5\libc.a(memset.o)
 .text          0x00000000        0x0 c:/program files (x86)/atmel/atmel toolchain/avr8 gcc/native/3.4.1056/avr8-gnu-toolchain/bin/../lib/gcc/avr/4.8.1/../../../../avr/lib/avr5\libc.a(strncmp.o)
 .bss           0x00000000        0x0 c:/program files (x86)/atmel/atmel toolchain/avr8 gcc/native/3.4.1056/avr8-gnu-toolchain/bin/../lib/gcc/avr/4.8.1/../../../../avr/lib/avr5\libc.a(strncmp.o)
 .text          0x00000000        0x0 c:/program files (x86)/atmel/atmel toolchain/avr8 gcc/native/3.4.1056/avr8-gnu-toolchain/bin/../lib/gcc/avr/4.8.1/../../../../avr/lib/avr5\libc.a(strncpy.o)
 .bss           0x00000000        0x0 c:/program files (x86)/atmel/atmel toolchain/avr8 gcc/native/3.4.1056/avr8-gnu-toolchain/bin/../lib/gcc/avr/4.8.1/../../../../avr/lib/avr5\libc.a(strncpy.o)
 .text.avr-libc
                0x00000000       0x1e c:/program files (x86)/atmel/atmel toolchain/avr8 gcc/native/3.4.1056/avr8-gnu-toolchain/bin/../lib/gcc/avr/4.8.1/../../../../avr/lib/avr5\libc.a(strncpy.o)
 .text          0x00000000        0x0 c:/program files (x86)/atmel/atmel toolchain/avr8 gcc/native/3.4.1056/avr8-gnu-toolchain/bin/../lib/gcc/avr/4.8.1/../../../../avr/lib/avr5\libc.a(strstr.o)
 .bss           0x00000000        0x0 c:/program files (x86)/atmel/atmel toolchain/avr8 gcc/native/3.4.1056/avr8-gnu-toolchain/bin/../lib/gcc/avr/4.8.1/../../../../avr/lib/avr5\libc.a(strstr.o)
 .text          0x00000000        0x0 c:/program files (x86)/atmel/atmel toolchain/avr8 gcc/native/3.4.1056/avr8-gnu-toolchain/bin/../lib/gcc/avr/4.8.1/../../../../avr/lib/avr5\libc.a(sprintf.o)
 .bss           0x00000000        0x0 c:/program files (x86)/atmel/atmel toolchain/avr8 gcc/native/3.4.1056/avr8-gnu-toolchain/bin/../lib/gcc/avr/4.8.1/../../../../avr/lib/avr5\libc.a(sprintf.o)
 .text.avr-libc
                0x00000000       0x44 c:/program files (x86)/atmel/atmel toolchain/avr8 gcc/native/3.4.1056/avr8-gnu-toolchain/bin/../lib/gcc/avr/4.8.1/../../../../avr/lib/avr5\libc.a(sprintf.o)
 .text          0x00000000        0x0 c:/program files (x86)/atmel/atmel toolchain/avr8 gcc/native/3.4.1056/avr8-gnu-toolchain/bin/../lib/gcc/avr/4.8.1/../../../../avr/lib/avr5\libc.a(vfprintf_std.o)
 .bss           0x00000000        0x0 c:/program files (x86)/atmel/atmel toolchain/avr8 gcc/native/3.4.1056/avr8-gnu-toolchain/bin/../lib/gcc/avr/4.8.1/../../../../avr/lib/avr5\libc.a(vfprintf_std.o)
 .text.avr-libc
                0x00000000      0x3a4 c:/program files (x86)/atmel/atmel toolchain/avr8 gcc/native/3.4.1056/avr8-gnu-toolchain/bin/../lib/gcc/avr/4.8.1/../../../../avr/lib/avr5\libc.a(vfprintf_std.o)
 .text          0x00000000        0x0 c:/program files (x86)/atmel/atmel toolchain/avr8 gcc/native/3.4.1056/avr8-gnu-toolchain/bin/../lib/gcc/avr/4.8.1/../../../../avr/lib/avr5\libc.a(dtoa_prf.o)
 .bss           0x00000000        0x0 c:/program files (x86)/atmel/atmel toolchain/avr8 gcc/native/3.4.1056/avr8-gnu-toolchain/bin/../lib/gcc/avr/4.8.1/../../../../avr/lib/avr5\libc.a(dtoa_prf.o)
 .text.avr-libc
                0x00000000      0x2fc c:/program files (x86)/atmel/atmel toolchain/avr8 gcc/native/3.4.1056/avr8-gnu-toolchain/bin/../lib/gcc/avr/4.8.1/../../../../avr/lib/avr5\libc.a(dtoa_prf.o)
 .text          0x00000000        0x0 c:/program files (x86)/atmel/atmel toolchain/avr8 gcc/native/3.4.1056/avr8-gnu-toolchain/bin/../lib/gcc/avr/4.8.1/../../../../avr/lib/avr5\libc.a(ftoa_engine.o)
 .bss           0x00000000        0x0 c:/program files (x86)/atmel/atmel toolchain/avr8 gcc/native/3.4.1056/avr8-gnu-toolchain/bin/../lib/gcc/avr/4.8.1/../../../../avr/lib/avr5\libc.a(ftoa_engine.o)
 .text.avr-libc
                0x00000000      0x1b0 c:/program files (x86)/atmel/atmel toolchain/avr8 gcc/native/3.4.1056/avr8-gnu-toolchain/bin/../lib/gcc/avr/4.8.1/../../../../avr/lib/avr5\libc.a(ftoa_engine.o)
 .progmem.data  0x00000000       0xfa c:/program files (x86)/atmel/atmel toolchain/avr8 gcc/native/3.4.1056/avr8-gnu-toolchain/bin/../lib/gcc/avr/4.8.1/../../../../avr/lib/avr5\libc.a(ftoa_engine.o)
 .text          0x00000000        0x0 c:/program files (x86)/atmel/atmel toolchain/avr8 gcc/native/3.4.1056/avr8-gnu-toolchain/bin/../lib/gcc/avr/4.8.1/../../../../avr/lib/avr5\libc.a(strnlen_P.o)
 .bss           0x00000000        0x0 c:/program files (x86)/atmel/atmel toolchain/avr8 gcc/native/3.4.1056/avr8-gnu-toolchain/bin/../lib/gcc/avr/4.8.1/../../../../avr/lib/avr5\libc.a(strnlen_P.o)
 .text.avr-libc
                0x00000000       0x16 c:/program files (x86)/atmel/atmel toolchain/avr8 gcc/native/3.4.1056/avr8-gnu-toolchain/bin/../lib/gcc/avr/4.8.1/../../../../avr/lib/avr5\libc.a(strnlen_P.o)
 .text          0x00000000        0x0 c:/program files (x86)/atmel/atmel toolchain/avr8 gcc/native/3.4.1056/avr8-gnu-toolchain/bin/../lib/gcc/avr/4.8.1/../../../../avr/lib/avr5\libc.a(strnlen.o)
 .bss           0x00000000        0x0 c:/program files (x86)/atmel/atmel toolchain/avr8 gcc/native/3.4.1056/avr8-gnu-toolchain/bin/../lib/gcc/avr/4.8.1/../../../../avr/lib/avr5\libc.a(strnlen.o)
 .text.avr-libc
                0x00000000       0x16 c:/program files (x86)/atmel/atmel toolchain/avr8 gcc/native/3.4.1056/avr8-gnu-toolchain/bin/../lib/gcc/avr/4.8.1/../../../../avr/lib/avr5\libc.a(strnlen.o)
 .text          0x00000000        0x0 c:/program files (x86)/atmel/atmel toolchain/avr8 gcc/native/3.4.1056/avr8-gnu-toolchain/bin/../lib/gcc/avr/4.8.1/../../../../avr/lib/avr5\libc.a(fputc.o)
 .bss           0x00000000        0x0 c:/program files (x86)/atmel/atmel toolchain/avr8 gcc/native/3.4.1056/avr8-gnu-toolchain/bin/../lib/gcc/avr/4.8.1/../../../../avr/lib/avr5\libc.a(fputc.o)
 .text.avr-libc
                0x00000000       0x64 c:/program files (x86)/atmel/atmel toolchain/avr8 gcc/native/3.4.1056/avr8-gnu-toolchain/bin/../lib/gcc/avr/4.8.1/../../../../avr/lib/avr5\libc.a(fputc.o)
 .text          0x00000000        0x0 c:/program files (x86)/atmel/atmel toolchain/avr8 gcc/native/3.4.1056/avr8-gnu-toolchain/bin/../lib/gcc/avr/4.8.1/../../../../avr/lib/avr5\libc.a(ultoa_invert.o)
 .bss           0x00000000        0x0 c:/program files (x86)/atmel/atmel toolchain/avr8 gcc/native/3.4.1056/avr8-gnu-toolchain/bin/../lib/gcc/avr/4.8.1/../../../../avr/lib/avr5\libc.a(ultoa_invert.o)
 .text.avr-libc
                0x00000000       0xbc c:/program files (x86)/atmel/atmel toolchain/avr8 gcc/native/3.4.1056/avr8-gnu-toolchain/bin/../lib/gcc/avr/4.8.1/../../../../avr/lib/avr5\libc.a(ultoa_invert.o)
 .text          0x00000000        0x0 c:/program files (x86)/atmel/atmel toolchain/avr8 gcc/native/3.4.1056/avr8-gnu-toolchain/bin/../lib/gcc/avr/4.8.1/avr5\libgcc.a(_prologue.o)
 .bss           0x00000000        0x0 c:/program files (x86)/atmel/atmel toolchain/avr8 gcc/native/3.4.1056/avr8-gnu-toolchain/bin/../lib/gcc/avr/4.8.1/avr5\libgcc.a(_prologue.o)
 .text.libgcc.mul
                0x00000000        0x0 c:/program files (x86)/atmel/atmel toolchain/avr8 gcc/native/3.4.1056/avr8-gnu-toolchain/bin/../lib/gcc/avr/4.8.1/avr5\libgcc.a(_prologue.o)
 .text.libgcc.div
                0x00000000        0x0 c:/program files (x86)/atmel/atmel toolchain/avr8 gcc/native/3.4.1056/avr8-gnu-toolchain/bin/../lib/gcc/avr/4.8.1/avr5\libgcc.a(_prologue.o)
 .text.libgcc   0x00000000        0x0 c:/program files (x86)/atmel/atmel toolchain/avr8 gcc/native/3.4.1056/avr8-gnu-toolchain/bin/../lib/gcc/avr/4.8.1/avr5\libgcc.a(_prologue.o)
 .text.libgcc.prologue
                0x00000000       0x38 c:/program files (x86)/atmel/atmel toolchain/avr8 gcc/native/3.4.1056/avr8-gnu-toolchain/bin/../lib/gcc/avr/4.8.1/avr5\libgcc.a(_prologue.o)
 .text.libgcc.builtins
                0x00000000        0x0 c:/program files (x86)/atmel/atmel toolchain/avr8 gcc/native/3.4.1056/avr8-gnu-toolchain/bin/../lib/gcc/avr/4.8.1/avr5\libgcc.a(_prologue.o)
 .text.libgcc.fmul
                0x00000000        0x0 c:/program files (x86)/atmel/atmel toolchain/avr8 gcc/native/3.4.1056/avr8-gnu-toolchain/bin/../lib/gcc/avr/4.8.1/avr5\libgcc.a(_prologue.o)
 .text.libgcc.fixed
                0x00000000        0x0 c:/program files (x86)/atmel/atmel toolchain/avr8 gcc/native/3.4.1056/avr8-gnu-toolchain/bin/../lib/gcc/avr/4.8.1/avr5\libgcc.a(_prologue.o)
 .text          0x00000000        0x0 c:/program files (x86)/atmel/atmel toolchain/avr8 gcc/native/3.4.1056/avr8-gnu-toolchain/bin/../lib/gcc/avr/4.8.1/avr5\libgcc.a(_epilogue.o)
 .bss           0x00000000        0x0 c:/program files (x86)/atmel/atmel toolchain/avr8 gcc/native/3.4.1056/avr8-gnu-toolchain/bin/../lib/gcc/avr/4.8.1/avr5\libgcc.a(_epilogue.o)
 .text.libgcc.mul
                0x00000000        0x0 c:/program files (x86)/atmel/atmel toolchain/avr8 gcc/native/3.4.1056/avr8-gnu-toolchain/bin/../lib/gcc/avr/4.8.1/avr5\libgcc.a(_epilogue.o)
 .text.libgcc.div
                0x00000000        0x0 c:/program files (x86)/atmel/atmel toolchain/avr8 gcc/native/3.4.1056/avr8-gnu-toolchain/bin/../lib/gcc/avr/4.8.1/avr5\libgcc.a(_epilogue.o)
 .text.libgcc   0x00000000        0x0 c:/program files (x86)/atmel/atmel toolchain/avr8 gcc/native/3.4.1056/avr8-gnu-toolchain/bin/../lib/gcc/avr/4.8.1/avr5\libgcc.a(_epilogue.o)
 .text.libgcc.prologue
                0x00000000       0x36 c:/program files (x86)/atmel/atmel toolchain/avr8 gcc/native/3.4.1056/avr8-gnu-toolchain/bin/../lib/gcc/avr/4.8.1/avr5\libgcc.a(_epilogue.o)
 .text.libgcc.builtins
                0x00000000        0x0 c:/program files (x86)/atmel/atmel toolchain/avr8 gcc/native/3.4.1056/avr8-gnu-toolchain/bin/../lib/gcc/avr/4.8.1/avr5\libgcc.a(_epilogue.o)
 .text.libgcc.fmul
                0x00000000        0x0 c:/program files (x86)/atmel/atmel toolchain/avr8 gcc/native/3.4.1056/avr8-gnu-toolchain/bin/../lib/gcc/avr/4.8.1/avr5\libgcc.a(_epilogue.o)
 .text.libgcc.fixed
                0x00000000        0x0 c:/program files (x86)/atmel/atmel toolchain/avr8 gcc/native/3.4.1056/avr8-gnu-toolchain/bin/../lib/gcc/avr/4.8.1/avr5\libgcc.a(_epilogue.o)

Memory Configuration

Name             Origin             Length             Attributes
text             0x00000000         0x00020000         xr
data             0x00800060         0x0000ffa0         rw !x
eeprom           0x00810000         0x00010000         rw !x
fuse             0x00820000         0x00000400         rw !x
lock             0x00830000         0x00000400         rw !x
signature        0x00840000         0x00000400         rw !x
user_signatures  0x00850000         0x00000400         rw !x
*default*        0x00000000         0xffffffff

Linker script and memory map

LOAD c:/program files (x86)/atmel/atmel toolchain/avr8 gcc/native/3.4.1056/avr8-gnu-toolchain/bin/../lib/gcc/avr/4.8.1/../../../../avr/lib/avr5/crtm32.o
LOAD LCDInterfacing.o
LOAD lcd/lcdlib.o
LOAD sensor/ultrasonic.o
LOAD uart/USART_RS232_C_file.o
START GROUP
LOAD c:/program files (x86)/atmel/atmel toolchain/avr8 gcc/native/3.4.1056/avr8-gnu-toolchain/bin/../lib/gcc/avr/4.8.1/../../../../avr/lib/avr5\libm.a
END GROUP
START GROUP
LOAD c:/program files (x86)/atmel/atmel toolchain/avr8 gcc/native/3.4.1056/avr8-gnu-toolchain/bin/../lib/gcc/avr/4.8.1/avr5\libgcc.a
LOAD c:/program files (x86)/atmel/atmel toolchain/avr8 gcc/native/3.4.1056/avr8-gnu-toolchain/bin/../lib/gcc/avr/4.8.1/../../../../avr/lib/avr5\libm.a
LOAD c:/program files (x86)/atmel/atmel toolchain/avr8 gcc/native/3.4.1056/avr8-gnu-toolchain/bin/../lib/gcc/avr/4.8.1/../../../../avr/lib/avr5\libc.a
END GROUP

.hash
 *(.hash)

.dynsym
 *(.dynsym)

.dynstr
 *(.dynstr)

.gnu.version
 *(.gnu.version)

.gnu.version_d
 *(.gnu.version_d)

.gnu.version_r
 *(.gnu.version_r)

.rel.init
 *(.rel.init)

.rela.init
 *(.rela.init)

.rel.text
 *(.rel.text)
 *(.rel.text.*)
 *(.rel.gnu.linkonce.t*)

.rela.text
 *(.rela.text)
 *(.rela.text.*)
 *(.rela.gnu.linkonce.t*)

.rel.fini
 *(.rel.fini)

.rela.fini
 *(.rela.fini)

.rel.rodata
 *(.rel.rodata)
 *(.rel.rodata.*)
 *(.rel.gnu.linkonce.r*)

.rela.rodata
 *(.rela.rodata)
 *(.rela.rodata.*)
 *(.rela.gnu.linkonce.r*)

.rel.data
 *(.rel.data)
 *(.rel.data.*)
 *(.rel.gnu.linkonce.d*)

.rela.data
 *(.rela.data)
 *(.rela.data.*)
 *(.rela.gnu.linkonce.d*)

.rel.ctors
 *(.rel.ctors)

.rela.ctors
 *(.rela.ctors)

.rel.dtors
 *(.rel.dtors)

.rela.dtors
 *(.rela.dtors)

.rel.got
 *(.rel.got)

.rela.got
 *(.rela.got)

.rel.bss
 *(.rel.bss)

.rela.bss
 *(.rela.bss)

.rel.plt
 *(.rel.plt)

.rela.plt
 *(.rela.plt)

.text           0x00000000      0x5ba
 *(.vectors)
 .vectors       0x00000000       0x54 c:/program files (x86)/atmel/atmel toolchain/avr8 gcc/native/3.4.1056/avr8-gnu-toolchain/bin/../lib/gcc/avr/4.8.1/../../../../avr/lib/avr5/crtm32.o
                0x00000000                __vector_default
                0x00000000                __vectors
 *(.vectors)
 *(.progmem.gcc*)
                0x00000054                . = ALIGN (0x2)
                0x00000054                __trampolines_start = .
 *(.trampolines)
 .trampolines   0x00000054        0x0 linker stubs
 *(.trampolines*)
                0x00000054                __trampolines_end = .
 *(.progmem*)
                0x00000054                . = ALIGN (0x2)
 *(.jumptables)
 *(.jumptables*)
 *(.lowtext)
 *(.lowtext*)
                0x00000054                __ctors_start = .
 *(.ctors)
                0x00000054                __ctors_end = .
                0x00000054                __dtors_start = .
 *(.dtors)
                0x00000054                __dtors_end = .
 SORT(*)(.ctors)
 SORT(*)(.dtors)
 *(.init0)
 .init0         0x00000054        0x0 c:/program files (x86)/atmel/atmel toolchain/avr8 gcc/native/3.4.1056/avr8-gnu-toolchain/bin/../lib/gcc/avr/4.8.1/../../../../avr/lib/avr5/crtm32.o
                0x00000054                __init
 *(.init0)
 *(.init1)
 *(.init1)
 *(.init2)
 .init2         0x00000054        0xc c:/program files (x86)/atmel/atmel toolchain/avr8 gcc/native/3.4.1056/avr8-gnu-toolchain/bin/../lib/gcc/avr/4.8.1/../../../../avr/lib/avr5/crtm32.o
 *(.init2)
 *(.init3)
 *(.init3)
 *(.init4)
 .init4         0x00000060       0x16 c:/program files (x86)/atmel/atmel toolchain/avr8 gcc/native/3.4.1056/avr8-gnu-toolchain/bin/../lib/gcc/avr/4.8.1/avr5\libgcc.a(_copy_data.o)
                0x00000060                __do_copy_data
 .init4         0x00000076       0x10 c:/program files (x86)/atmel/atmel toolchain/avr8 gcc/native/3.4.1056/avr8-gnu-toolchain/bin/../lib/gcc/avr/4.8.1/avr5\libgcc.a(_clear_bss.o)
                0x00000076                __do_clear_bss
 *(.init4)
 *(.init5)
 *(.init5)
 *(.init6)
 *(.init6)
 *(.init7)
 *(.init7)
 *(.init8)
 *(.init8)
 *(.init9)
 .init9         0x00000086        0x8 c:/program files (x86)/atmel/atmel toolchain/avr8 gcc/native/3.4.1056/avr8-gnu-toolchain/bin/../lib/gcc/avr/4.8.1/../../../../avr/lib/avr5/crtm32.o
 *(.init9)
 *(.text)
 .text          0x0000008e        0x4 c:/program files (x86)/atmel/atmel toolchain/avr8 gcc/native/3.4.1056/avr8-gnu-toolchain/bin/../lib/gcc/avr/4.8.1/../../../../avr/lib/avr5/crtm32.o
                0x0000008e                __vector_1
                0x0000008e                __vector_12
                0x0000008e                __bad_interrupt
                0x0000008e                __vector_6
                0x0000008e                __vector_3
                0x0000008e                __vector_11
                0x0000008e                __vector_17
                0x0000008e                __vector_19
                0x0000008e                __vector_7
                0x0000008e                __vector_5
                0x0000008e                __vector_4
                0x0000008e                __vector_2
                0x0000008e                __vector_15
                0x0000008e                __vector_8
                0x0000008e                __vector_14
                0x0000008e                __vector_10
                0x0000008e                __vector_16
                0x0000008e                __vector_18
                0x0000008e                __vector_20
                0x00000092                . = ALIGN (0x2)
 *(.text.*)
 .text.Read_Response
                0x00000092      0x1cc LCDInterfacing.o
                0x00000092                Read_Response
 .text.TCPClient_Clear
                0x0000025e       0x20 LCDInterfacing.o
                0x0000025e                TCPClient_Clear
 .text.Start_Read_Response
                0x0000027e       0x14 LCDInterfacing.o
                0x0000027e                Start_Read_Response
 .text.WaitForExpectedResponse
                0x00000292       0x46 LCDInterfacing.o
                0x00000292                WaitForExpectedResponse
 .text.SendATandExpectResponse
                0x000002d8       0x1c LCDInterfacing.o
                0x000002d8                SendATandExpectResponse
 .text.SIM900_Start
                0x000002f4       0x32 LCDInterfacing.o
                0x000002f4                SIM900_Start
 .text.main     0x00000326       0x4a LCDInterfacing.o
                0x00000326                main
 .text.__vector_13
                0x00000370       0x78 LCDInterfacing.o
                0x00000370                __vector_13
 .text.LCD_Command
                0x000003e8       0x4e lcd/lcdlib.o
                0x000003e8                LCD_Command
 .text.LCD_Char
                0x00000436       0x4e lcd/lcdlib.o
                0x00000436                LCD_Char
 .text.LCD_Init
                0x00000484       0x42 lcd/lcdlib.o
                0x00000484                LCD_Init
 .text.LCD_String
                0x000004c6       0x1e lcd/lcdlib.o
                0x000004c6                LCD_String
 .text.LCD_Clear
                0x000004e4       0x1a lcd/lcdlib.o
                0x000004e4                LCD_Clear
 .text.__vector_9
                0x000004fe       0x2e sensor/ultrasonic.o
                0x000004fe                __vector_9
 .text.USART_Init
                0x0000052c       0x14 uart/USART_RS232_C_file.o
                0x0000052c                USART_Init
 .text.USART_TxChar
                0x00000540        0x8 uart/USART_RS232_C_file.o
                0x00000540                USART_TxChar
 .text.USART_SendString
                0x00000548       0x1e uart/USART_RS232_C_file.o
                0x00000548                USART_SendString
 .text.avr-libc
                0x00000566       0x1c c:/program files (x86)/atmel/atmel toolchain/avr8 gcc/native/3.4.1056/avr8-gnu-toolchain/bin/../lib/gcc/avr/4.8.1/../../../../avr/lib/avr5\libc.a(strncmp.o)
                0x00000566                strncmp
 .text.avr-libc
                0x00000582       0x34 c:/program files (x86)/atmel/atmel toolchain/avr8 gcc/native/3.4.1056/avr8-gnu-toolchain/bin/../lib/gcc/avr/4.8.1/../../../../avr/lib/avr5\libc.a(strstr.o)
                0x00000582                strstr
                0x000005b6                . = ALIGN (0x2)
 *(.fini9)
 .fini9         0x000005b6        0x0 c:/program files (x86)/atmel/atmel toolchain/avr8 gcc/native/3.4.1056/avr8-gnu-toolchain/bin/../lib/gcc/avr/4.8.1/avr5\libgcc.a(_exit.o)
                0x000005b6                _exit
                0x000005b6                exit
 *(.fini9)
 *(.fini8)
 *(.fini8)
 *(.fini7)
 *(.fini7)
 *(.fini6)
 *(.fini6)
 *(.fini5)
 *(.fini5)
 *(.fini4)
 *(.fini4)
 *(.fini3)
 *(.fini3)
 *(.fini2)
 *(.fini2)
 *(.fini1)
 *(.fini1)
 *(.fini0)
 .fini0         0x000005b6        0x4 c:/program files (x86)/atmel/atmel toolchain/avr8 gcc/native/3.4.1056/avr8-gnu-toolchain/bin/../lib/gcc/avr/4.8.1/avr5\libgcc.a(_exit.o)
 *(.fini0)
                0x000005ba                _etext = .

.data           0x00800060      0x13e load address 0x000005ba
                0x00800060                PROVIDE (__data_start, .)
 *(.data)
 .data          0x00800060        0x0 c:/program files (x86)/atmel/atmel toolchain/avr8 gcc/native/3.4.1056/avr8-gnu-toolchain/bin/../lib/gcc/avr/4.8.1/../../../../avr/lib/avr5/crtm32.o
 .data          0x00800060        0x0 LCDInterfacing.o
 .data          0x00800060        0x0 lcd/lcdlib.o
 .data          0x00800060        0x0 sensor/ultrasonic.o
 .data          0x00800060        0x0 uart/USART_RS232_C_file.o
 .data          0x00800060        0x0 c:/program files (x86)/atmel/atmel toolchain/avr8 gcc/native/3.4.1056/avr8-gnu-toolchain/bin/../lib/gcc/avr/4.8.1/../../../../avr/lib/avr5\libm.a(divsf3.o)
 .data          0x00800060        0x0 c:/program files (x86)/atmel/atmel toolchain/avr8 gcc/native/3.4.1056/avr8-gnu-toolchain/bin/../lib/gcc/avr/4.8.1/../../../../avr/lib/avr5\libm.a(divsf3x.o)
 .data          0x00800060        0x0 c:/program files (x86)/atmel/atmel toolchain/avr8 gcc/native/3.4.1056/avr8-gnu-toolchain/bin/../lib/gcc/avr/4.8.1/../../../../avr/lib/avr5\libm.a(floatsisf.o)
 .data          0x00800060        0x0 c:/program files (x86)/atmel/atmel toolchain/avr8 gcc/native/3.4.1056/avr8-gnu-toolchain/bin/../lib/gcc/avr/4.8.1/../../../../avr/lib/avr5\libm.a(fp_inf.o)
 .data          0x00800060        0x0 c:/program files (x86)/atmel/atmel toolchain/avr8 gcc/native/3.4.1056/avr8-gnu-toolchain/bin/../lib/gcc/avr/4.8.1/../../../../avr/lib/avr5\libm.a(fp_nan.o)
 .data          0x00800060        0x0 c:/program files (x86)/atmel/atmel toolchain/avr8 gcc/native/3.4.1056/avr8-gnu-toolchain/bin/../lib/gcc/avr/4.8.1/../../../../avr/lib/avr5\libm.a(fp_pscA.o)
 .data          0x00800060        0x0 c:/program files (x86)/atmel/atmel toolchain/avr8 gcc/native/3.4.1056/avr8-gnu-toolchain/bin/../lib/gcc/avr/4.8.1/../../../../avr/lib/avr5\libm.a(fp_pscB.o)
 .data          0x00800060        0x0 c:/program files (x86)/atmel/atmel toolchain/avr8 gcc/native/3.4.1056/avr8-gnu-toolchain/bin/../lib/gcc/avr/4.8.1/../../../../avr/lib/avr5\libm.a(fp_round.o)
 .data          0x00800060        0x0 c:/program files (x86)/atmel/atmel toolchain/avr8 gcc/native/3.4.1056/avr8-gnu-toolchain/bin/../lib/gcc/avr/4.8.1/../../../../avr/lib/avr5\libm.a(fp_split3.o)
 .data          0x00800060        0x0 c:/program files (x86)/atmel/atmel toolchain/avr8 gcc/native/3.4.1056/avr8-gnu-toolchain/bin/../lib/gcc/avr/4.8.1/../../../../avr/lib/avr5\libm.a(fp_zero.o)
 .data          0x00800060        0x0 c:/program files (x86)/atmel/atmel toolchain/avr8 gcc/native/3.4.1056/avr8-gnu-toolchain/bin/../lib/gcc/avr/4.8.1/avr5\libgcc.a(_exit.o)
 .data          0x00800060        0x0 c:/program files (x86)/atmel/atmel toolchain/avr8 gcc/native/3.4.1056/avr8-gnu-toolchain/bin/../lib/gcc/avr/4.8.1/avr5\libgcc.a(_copy_data.o)
 .data          0x00800060        0x0 c:/program files (x86)/atmel/atmel toolchain/avr8 gcc/native/3.4.1056/avr8-gnu-toolchain/bin/../lib/gcc/avr/4.8.1/avr5\libgcc.a(_clear_bss.o)
 .data          0x00800060        0x0 c:/program files (x86)/atmel/atmel toolchain/avr8 gcc/native/3.4.1056/avr8-gnu-toolchain/bin/../lib/gcc/avr/4.8.1/avr5\libgcc.a(_usmulhisi3.o)
 .data          0x00800060        0x0 c:/program files (x86)/atmel/atmel toolchain/avr8 gcc/native/3.4.1056/avr8-gnu-toolchain/bin/../lib/gcc/avr/4.8.1/avr5\libgcc.a(_umulhisi3.o)
 .data          0x00800060        0x0 c:/program files (x86)/atmel/atmel toolchain/avr8 gcc/native/3.4.1056/avr8-gnu-toolchain/bin/../lib/gcc/avr/4.8.1/../../../../avr/lib/avr5\libc.a(dtostrf.o)
 .data          0x00800060        0x0 c:/program files (x86)/atmel/atmel toolchain/avr8 gcc/native/3.4.1056/avr8-gnu-toolchain/bin/../lib/gcc/avr/4.8.1/../../../../avr/lib/avr5\libc.a(memcpy.o)
 .data          0x00800060        0x0 c:/program files (x86)/atmel/atmel toolchain/avr8 gcc/native/3.4.1056/avr8-gnu-toolchain/bin/../lib/gcc/avr/4.8.1/../../../../avr/lib/avr5\libc.a(memset.o)
 .data          0x00800060        0x0 c:/program files (x86)/atmel/atmel toolchain/avr8 gcc/native/3.4.1056/avr8-gnu-toolchain/bin/../lib/gcc/avr/4.8.1/../../../../avr/lib/avr5\libc.a(strncmp.o)
 .data          0x00800060        0x0 c:/program files (x86)/atmel/atmel toolchain/avr8 gcc/native/3.4.1056/avr8-gnu-toolchain/bin/../lib/gcc/avr/4.8.1/../../../../avr/lib/avr5\libc.a(strncpy.o)
 .data          0x00800060        0x0 c:/program files (x86)/atmel/atmel toolchain/avr8 gcc/native/3.4.1056/avr8-gnu-toolchain/bin/../lib/gcc/avr/4.8.1/../../../../avr/lib/avr5\libc.a(strstr.o)
 .data          0x00800060        0x0 c:/program files (x86)/atmel/atmel toolchain/avr8 gcc/native/3.4.1056/avr8-gnu-toolchain/bin/../lib/gcc/avr/4.8.1/../../../../avr/lib/avr5\libc.a(sprintf.o)
 .data          0x00800060        0x0 c:/program files (x86)/atmel/atmel toolchain/avr8 gcc/native/3.4.1056/avr8-gnu-toolchain/bin/../lib/gcc/avr/4.8.1/../../../../avr/lib/avr5\libc.a(vfprintf_std.o)
 .data          0x00800060        0x0 c:/program files (x86)/atmel/atmel toolchain/avr8 gcc/native/3.4.1056/avr8-gnu-toolchain/bin/../lib/gcc/avr/4.8.1/../../../../avr/lib/avr5\libc.a(dtoa_prf.o)
 .data          0x00800060        0x0 c:/program files (x86)/atmel/atmel toolchain/avr8 gcc/native/3.4.1056/avr8-gnu-toolchain/bin/../lib/gcc/avr/4.8.1/../../../../avr/lib/avr5\libc.a(ftoa_engine.o)
 .data          0x00800060        0x0 c:/program files (x86)/atmel/atmel toolchain/avr8 gcc/native/3.4.1056/avr8-gnu-toolchain/bin/../lib/gcc/avr/4.8.1/../../../../avr/lib/avr5\libc.a(strnlen_P.o)
 .data          0x00800060        0x0 c:/program files (x86)/atmel/atmel toolchain/avr8 gcc/native/3.4.1056/avr8-gnu-toolchain/bin/../lib/gcc/avr/4.8.1/../../../../avr/lib/avr5\libc.a(strnlen.o)
 .data          0x00800060        0x0 c:/program files (x86)/atmel/atmel toolchain/avr8 gcc/native/3.4.1056/avr8-gnu-toolchain/bin/../lib/gcc/avr/4.8.1/../../../../avr/lib/avr5\libc.a(fputc.o)
 .data          0x00800060        0x0 c:/program files (x86)/atmel/atmel toolchain/avr8 gcc/native/3.4.1056/avr8-gnu-toolchain/bin/../lib/gcc/avr/4.8.1/../../../../avr/lib/avr5\libc.a(ultoa_invert.o)
 .data          0x00800060        0x0 c:/program files (x86)/atmel/atmel toolchain/avr8 gcc/native/3.4.1056/avr8-gnu-toolchain/bin/../lib/gcc/avr/4.8.1/avr5\libgcc.a(_prologue.o)
 .data          0x00800060        0x0 c:/program files (x86)/atmel/atmel toolchain/avr8 gcc/native/3.4.1056/avr8-gnu-toolchain/bin/../lib/gcc/avr/4.8.1/avr5\libgcc.a(_epilogue.o)
 *(.data*)
 *(.rodata)
 *(.rodata*)
 .rodata.str1.1
                0x00800060      0x13e LCDInterfacing.o
                                0x148 (size before relaxing)
 *(.gnu.linkonce.d*)
                0x0080019e                . = ALIGN (0x2)
                0x0080019e                _edata = .
                0x0080019e                PROVIDE (__data_end, .)

.bss            0x0080019e       0xea
                0x0080019e                PROVIDE (__bss_start, .)
 *(.bss)
 *(.bss*)
 .bss.TimeOut   0x0080019e        0x4 LCDInterfacing.o
                0x0080019e                TimeOut
 .bss.pointer   0x008001a2        0x2 LCDInterfacing.o
                0x008001a2                pointer
 .bss.Counter   0x008001a4        0x2 LCDInterfacing.o
                0x008001a4                Counter
 .bss.CRLF_COUNT
                0x008001a6        0x1 LCDInterfacing.o
                0x008001a6                CRLF_COUNT
 .bss.Flag      0x008001a7        0x2 LCDInterfacing.o
                0x008001a7                Flag
 .bss.TimerOverflow
                0x008001a9        0x2 sensor/ultrasonic.o
                0x008001a9                TimerOverflow
 *(COMMON)
 COMMON         0x008001ab       0xdd LCDInterfacing.o
                0x008001ab                RESPONSE_BUFFER
                0x00800273                My_Buffer
                0x00800287                Response_Status
                0x00800288                PROVIDE (__bss_end, .)
                0x000005ba                __data_load_start = LOADADDR (.data)
                0x000006f8                __data_load_end = (__data_load_start + SIZEOF (.data))

.noinit         0x00800288        0x0
                0x00800288                PROVIDE (__noinit_start, .)
 *(.noinit*)
                0x00800288                PROVIDE (__noinit_end, .)
                0x00800288                _end = .
                0x00800288                PROVIDE (__heap_start, .)

.eeprom         0x00810000        0x0
 *(.eeprom*)
                0x00810000                __eeprom_end = .

.fuse
 *(.fuse)
 *(.lfuse)
 *(.hfuse)
 *(.efuse)

.lock
 *(.lock*)

.signature
 *(.signature*)

.user_signatures
 *(.user_signatures*)

.stab
 *(.stab)

.stabstr
 *(.stabstr)

.stab.excl
 *(.stab.excl)

.stab.exclstr
 *(.stab.exclstr)

.stab.index
 *(.stab.index)

.stab.indexstr
 *(.stab.indexstr)

.comment        0x00000000       0x5c
 *(.comment)
 .comment       0x00000000       0x30 LCDInterfacing.o
                                 0x31 (size before relaxing)
 .comment       0x00000000       0x31 lcd/lcdlib.o
 .comment       0x00000000       0x31 sensor/ultrasonic.o
 .comment       0x00000000       0x31 uart/USART_RS232_C_file.o
 .comment       0x00000000       0x31 c:/program files (x86)/atmel/atmel toolchain/avr8 gcc/native/3.4.1056/avr8-gnu-toolchain/bin/../lib/gcc/avr/4.8.1/../../../../avr/lib/avr5\libc.a(dtostrf.o)
 .comment       0x00000000       0x31 c:/program files (x86)/atmel/atmel toolchain/avr8 gcc/native/3.4.1056/avr8-gnu-toolchain/bin/../lib/gcc/avr/4.8.1/../../../../avr/lib/avr5\libc.a(sprintf.o)
 .comment       0x00000030       0x2c c:/program files (x86)/atmel/atmel toolchain/avr8 gcc/native/3.4.1056/avr8-gnu-toolchain/bin/../lib/gcc/avr/4.8.1/../../../../avr/lib/avr5\libc.a(vfprintf_std.o)
                                 0x2d (size before relaxing)
 .comment       0x00000000       0x31 c:/program files (x86)/atmel/atmel toolchain/avr8 gcc/native/3.4.1056/avr8-gnu-toolchain/bin/../lib/gcc/avr/4.8.1/../../../../avr/lib/avr5\libc.a(dtoa_prf.o)
 .comment       0x00000000       0x31 c:/program files (x86)/atmel/atmel toolchain/avr8 gcc/native/3.4.1056/avr8-gnu-toolchain/bin/../lib/gcc/avr/4.8.1/../../../../avr/lib/avr5\libc.a(fputc.o)

.note.gnu.build-id
 *(.note.gnu.build-id)

.debug
 *(.debug)

.line
 *(.line)

.debug_srcinfo
 *(.debug_srcinfo)

.debug_sfnames
 *(.debug_sfnames)

.debug_aranges  0x00000000      0x178
 *(.debug_aranges)
 .debug_aranges
                0x00000000       0xb8 LCDInterfacing.o
 .debug_aranges
                0x000000b8       0x48 lcd/lcdlib.o
 .debug_aranges
                0x00000100       0x40 sensor/ultrasonic.o
 .debug_aranges
                0x00000140       0x38 uart/USART_RS232_C_file.o

.debug_pubnames
 *(.debug_pubnames)

.debug_info     0x00000000     0x177d
 *(.debug_info .gnu.linkonce.wi.*)
 .debug_info    0x00000000      0xf08 LCDInterfacing.o
 .debug_info    0x00000f08      0x53c lcd/lcdlib.o
 .debug_info    0x00001444      0x20b sensor/ultrasonic.o
 .debug_info    0x0000164f      0x12e uart/USART_RS232_C_file.o

.debug_abbrev   0x00000000      0x702
 *(.debug_abbrev)
 .debug_abbrev  0x00000000      0x35e LCDInterfacing.o
 .debug_abbrev  0x0000035e      0x17a lcd/lcdlib.o
 .debug_abbrev  0x000004d8      0x164 sensor/ultrasonic.o
 .debug_abbrev  0x0000063c       0xc6 uart/USART_RS232_C_file.o

.debug_line     0x00000000      0x8b1
 *(.debug_line .debug_line.* .debug_line_end)
 .debug_line    0x00000000      0x40c LCDInterfacing.o
 .debug_line    0x0000040c      0x20f lcd/lcdlib.o
 .debug_line    0x0000061b      0x199 sensor/ultrasonic.o
 .debug_line    0x000007b4       0xfd uart/USART_RS232_C_file.o

.debug_frame    0x00000000      0x440
 *(.debug_frame)
 .debug_frame   0x00000000      0x2c8 LCDInterfacing.o
 .debug_frame   0x000002c8       0x8c lcd/lcdlib.o
 .debug_frame   0x00000354       0x8c sensor/ultrasonic.o
 .debug_frame   0x000003e0       0x60 uart/USART_RS232_C_file.o

.debug_str      0x00000000      0x609
 *(.debug_str)
 .debug_str     0x00000000      0x504 LCDInterfacing.o
                                0x58b (size before relaxing)
 .debug_str     0x00000504       0x40 lcd/lcdlib.o
                                0x20c (size before relaxing)
 .debug_str     0x00000544       0x92 sensor/ultrasonic.o
                                0x23d (size before relaxing)
 .debug_str     0x000005d6       0x33 uart/USART_RS232_C_file.o
                                0x1b8 (size before relaxing)

.debug_loc      0x00000000      0xdf0
 *(.debug_loc)
 .debug_loc     0x00000000      0xa03 LCDInterfacing.o
 .debug_loc     0x00000a03      0x1e9 lcd/lcdlib.o
 .debug_loc     0x00000bec      0x156 sensor/ultrasonic.o
 .debug_loc     0x00000d42       0xae uart/USART_RS232_C_file.o

.debug_macinfo
 *(.debug_macinfo)

.debug_weaknames
 *(.debug_weaknames)

.debug_funcnames
 *(.debug_funcnames)

.debug_typenames
 *(.debug_typenames)

.debug_varnames
 *(.debug_varnames)

.debug_pubtypes
 *(.debug_pubtypes)

.debug_ranges   0x00000000      0x150
 *(.debug_ranges)
 .debug_ranges  0x00000000       0xc0 LCDInterfacing.o
 .debug_ranges  0x000000c0       0x38 lcd/lcdlib.o
 .debug_ranges  0x000000f8       0x30 sensor/ultrasonic.o
 .debug_ranges  0x00000128       0x28 uart/USART_RS232_C_file.o

.debug_macro
 *(.debug_macro)
OUTPUT(LCDInterfacing.elf elf32-avr)
LOAD linker stubs
